\BOOKMARK [0][-]{chapter.1}{\376\377\000D\000e\000s\000c\000r\000i\000p\000c\000i\000\363\000n\000\040\000d\000e\000l\000\040\000P\000r\000o\000y\000e\000c\000t\000o}{}% 1
\BOOKMARK [1][-]{section.1.1}{\376\377\000C\000o\000n\000t\000e\000x\000t\000o\000\040\000y\000\040\000m\000o\000t\000i\000v\000a\000c\000i\000\363\000n}{chapter.1}% 2
\BOOKMARK [1][-]{section.1.2}{\376\377\000P\000a\000r\000t\000e\000s\000\040\000i\000m\000p\000l\000i\000c\000a\000d\000a\000s}{chapter.1}% 3
\BOOKMARK [1][-]{section.1.3}{\376\377\000O\000b\000j\000e\000t\000i\000v\000o\000s\000\040\000d\000e\000l\000\040\000s\000i\000s\000t\000e\000m\000a}{chapter.1}% 4
\BOOKMARK [1][-]{section.1.4}{\376\377\000R\000e\000s\000t\000r\000i\000c\000c\000i\000o\000n\000e\000s\000\040\000n\000o\000\040\000n\000e\000g\000o\000c\000i\000a\000b\000l\000e\000s}{chapter.1}% 5
\BOOKMARK [1][-]{section.1.5}{\376\377\000E\000n\000t\000r\000e\000g\000a\000b\000l\000e\000s}{chapter.1}% 6
\BOOKMARK [0][-]{chapter.2}{\376\377\000I\000n\000f\000r\000a\000e\000s\000t\000r\000u\000c\000t\000u\000r\000a\000\040\000d\000e\000\040\000C\000\341\000m\000a\000r\000a\000s}{}% 7
\BOOKMARK [1][-]{section.2.1}{\376\377\000S\000i\000s\000t\000e\000m\000a\000\040\000O\000b\000s\000c\000a\000p\000e}{chapter.2}% 8
\BOOKMARK [1][-]{section.2.2}{\376\377\000D\000i\000s\000t\000r\000i\000b\000u\000c\000i\000\363\000n\000\040\000g\000e\000o\000g\000r\000\341\000f\000i\000c\000a}{chapter.2}% 9
\BOOKMARK [1][-]{section.2.3}{\376\377\000D\000e\000s\000c\000a\000r\000g\000a\000\040\000a\000u\000t\000o\000m\000\341\000t\000i\000c\000a\000\040\000d\000e\000\040\000i\000m\000\341\000g\000e\000n\000e\000s}{chapter.2}% 10
\BOOKMARK [2][-]{subsection.2.3.1}{\376\377\000A\000u\000t\000o\000m\000a\000t\000i\000z\000a\000c\000i\000\363\000n\000\040\000c\000o\000n\000\040\000C\000r\000o\000n}{section.2.3}% 11
\BOOKMARK [0][-]{chapter.3}{\376\377\000A\000r\000q\000u\000i\000t\000e\000c\000t\000u\000r\000a\000\040\000d\000e\000l\000\040\000S\000i\000s\000t\000e\000m\000a}{}% 12
\BOOKMARK [1][-]{section.3.1}{\376\377\000S\000t\000a\000c\000k\000\040\000t\000e\000c\000n\000o\000l\000\363\000g\000i\000c\000o}{chapter.3}% 13
\BOOKMARK [1][-]{section.3.2}{\376\377\000E\000s\000t\000r\000u\000c\000t\000u\000r\000a\000\040\000d\000e\000\040\000d\000i\000r\000e\000c\000t\000o\000r\000i\000o\000s}{chapter.3}% 14
\BOOKMARK [1][-]{section.3.3}{\376\377\000P\000i\000p\000e\000l\000i\000n\000e\000\040\000d\000e\000\040\000p\000r\000o\000c\000e\000s\000a\000m\000i\000e\000n\000t\000o}{chapter.3}% 15
\BOOKMARK [0][-]{chapter.4}{\376\377\000C\000a\000l\000i\000b\000r\000a\000c\000i\000\363\000n\000\040\000G\000e\000o\000m\000\351\000t\000r\000i\000c\000a}{}% 16
\BOOKMARK [1][-]{section.4.1}{\376\377\000F\000u\000n\000d\000a\000m\000e\000n\000t\000o\000\040\000m\000a\000t\000e\000m\000\341\000t\000i\000c\000o}{chapter.4}% 17
\BOOKMARK [2][-]{subsection.4.1.1}{\376\377\000C\000o\000r\000r\000e\000c\000c\000i\000\363\000n\000\040\000d\000e\000\040\000d\000i\000s\000t\000o\000r\000s\000i\000\363\000n\000\040\000r\000a\000d\000i\000a\000l}{section.4.1}% 18
\BOOKMARK [2][-]{subsection.4.1.2}{\376\377\000E\000s\000t\000i\000m\000a\000c\000i\000\363\000n\000\040\000R\000A\000N\000S\000A\000C}{section.4.1}% 19
\BOOKMARK [1][-]{section.4.2}{\376\377\000P\000r\000o\000c\000e\000s\000o\000\040\000d\000e\000\040\000c\000a\000l\000i\000b\000r\000a\000c\000i\000\363\000n\000\040\000p\000o\000r\000\040\000c\000\341\000m\000a\000r\000a}{chapter.4}% 20
\BOOKMARK [1][-]{section.4.3}{\376\377\000R\000e\000s\000u\000l\000t\000a\000d\000o\000s\000\040\000d\000e\000\040\000c\000a\000l\000i\000b\000r\000a\000c\000i\000\363\000n\000\040\000\050\000j\000u\000n\000i\000o\000\040\0002\0000\0002\0006\000\051}{chapter.4}% 21
\BOOKMARK [1][-]{section.4.4}{\376\377\000I\000m\000\341\000g\000e\000n\000e\000s\000\040\000d\000e\000\040\000d\000i\000a\000g\000n\000\363\000s\000t\000i\000c\000o}{chapter.4}% 22
\BOOKMARK [1][-]{section.4.5}{\376\377\000R\000e\000c\000a\000l\000i\000b\000r\000a\000c\000i\000\363\000n\000\040\000r\000\341\000p\000i\000d\000a}{chapter.4}% 23
\BOOKMARK [0][-]{chapter.5}{\376\377\000M\000\363\000d\000u\000l\000o\000\040\000d\000e\000\040\000A\000l\000i\000n\000e\000a\000c\000i\000\363\000n\000\040\000M\000a\000s\000i\000v\000a}{}% 24
\BOOKMARK [1][-]{section.5.1}{\376\377\000M\000o\000t\000i\000v\000a\000c\000i\000\363\000n}{chapter.5}% 25
\BOOKMARK [1][-]{section.5.2}{\376\377\000A\000r\000q\000u\000i\000t\000e\000c\000t\000u\000r\000a\000\040\000d\000e\000\040\000e\000s\000t\000a\000d\000o\000s}{chapter.5}% 26
\BOOKMARK [2][-]{subsection.5.2.1}{\376\377\000E\000s\000t\000r\000u\000c\000t\000u\000r\000a\000\040\000d\000e\000l\000\040\000d\000i\000r\000e\000c\000t\000o\000r\000i\000o\000\040\000t\000e\000m\000p\000o\000r\000a\000l\000\040\000p\000o\000r\000\040\000j\000o\000b}{section.5.2}% 27
\BOOKMARK [1][-]{section.5.3}{\376\377\000P\000i\000p\000e\000l\000i\000n\000e\000\040\000d\000e\000\040\000a\000l\000i\000n\000e\000a\000c\000i\000\363\000n\000:\000\040\000a\000l\000g\000o\000r\000i\000t\000m\000o}{chapter.5}% 28
\BOOKMARK [2][-]{subsection.5.3.1}{\376\377\000P\000a\000r\000\341\000m\000e\000t\000r\000o\000s\000\040\000c\000o\000n\000f\000i\000g\000u\000r\000a\000b\000l\000e\000s}{section.5.3}% 29
\BOOKMARK [2][-]{subsection.5.3.2}{\376\377\000E\000s\000t\000r\000a\000t\000e\000g\000i\000a\000\040\000d\000e\000\040\000d\000o\000s\000\040\000p\000a\000s\000a\000d\000a\000s}{section.5.3}% 30
\BOOKMARK [2][-]{subsection.5.3.3}{\376\377\000F\000l\000u\000j\000o\000\040\000c\000o\000m\000p\000l\000e\000t\000o\000\040\000d\000e\000l\000\040\000p\000i\000p\000e\000l\000i\000n\000e}{section.5.3}% 31
\BOOKMARK [1][-]{section.5.4}{\376\377\000R\000e\000n\000d\000e\000r\000i\000z\000a\000d\000o\000\040\000d\000e\000l\000\040\000m\000a\000p\000a\000\040\000d\000e\000\040\000d\000e\000l\000t\000a}{chapter.5}% 32
\BOOKMARK [2][-]{subsection.5.4.1}{\376\377\000C\000a\000p\000a\000\040\0001\000\040\040\024\000\040\000H\000e\000a\000t\000m\000a\000p\000\040\000d\000e\000\040\000d\000i\000f\000e\000r\000e\000n\000c\000i\000a\000\040\000a\000b\000s\000o\000l\000u\000t\000a}{section.5.4}% 33
\BOOKMARK [2][-]{subsection.5.4.2}{\376\377\000C\000a\000p\000a\000\040\0002\000\040\040\024\000\040\000D\000i\000v\000e\000r\000g\000e\000n\000c\000i\000a\000\040\000d\000e\000\040\000b\000o\000r\000d\000e\000s\000\040\000\050\000o\000v\000e\000r\000l\000a\000y\000\040\000c\000i\000a\000n\000\051}{section.5.4}% 34
\BOOKMARK [2][-]{subsection.5.4.3}{\376\377\000C\000a\000p\000a\000\040\0003\000\040\040\024\000\040\000M\000\351\000t\000r\000i\000c\000a\000\040\000e\000s\000c\000a\000l\000a\000r\000\040\000p\000x\000\040\000\050\000f\000l\000u\000j\000o\000\040\000\363\000p\000t\000i\000c\000o\000\040\000F\000a\000r\000n\000e\000b\000a\000c\000k\000\051}{section.5.4}% 35
\BOOKMARK [1][-]{section.5.5}{\376\377\000A\000P\000I\000\040\000R\000E\000S\000T\000\040\000d\000e\000l\000\040\000m\000\363\000d\000u\000l\000o}{chapter.5}% 36
\BOOKMARK [1][-]{section.5.6}{\376\377\000M\000o\000d\000e\000l\000o\000s\000\040\000d\000e\000\040\000d\000o\000m\000i\000n\000i\000o}{chapter.5}% 37
\BOOKMARK [1][-]{section.5.7}{\376\377\000F\000l\000u\000j\000o\000\040\000d\000e\000\040\000c\000o\000m\000m\000i\000t\000\040\000\050\000t\000w\000o\000-\000p\000h\000a\000s\000e\000\040\000w\000r\000i\000t\000e\000\051}{chapter.5}% 38
\BOOKMARK [0][-]{chapter.6}{\376\377\000M\000\341\000s\000c\000a\000r\000a\000s\000\040\000d\000e\000\040\000Z\000o\000n\000a\000s\000\040\000E\000s\000t\000a\000b\000l\000e\000s\000\040\000S\000I\000F\000T}{}% 39
\BOOKMARK [1][-]{section.6.1}{\376\377\000P\000r\000o\000b\000l\000e\000m\000a\000:\000\040\000o\000b\000j\000e\000t\000o\000s\000\040\000d\000i\000n\000\341\000m\000i\000c\000o\000s\000\040\000e\000n\000\040\000S\000I\000F\000T}{chapter.6}% 40
\BOOKMARK [1][-]{section.6.2}{\376\377\000S\000o\000l\000u\000c\000i\000\363\000n\000:\000\040\000m\000\341\000s\000c\000a\000r\000a\000s\000\040\000d\000e\000\040\000r\000e\000g\000i\000o\000n\000e\000s\000\040\000e\000s\000t\000a\000b\000l\000e\000s}{chapter.6}% 41
\BOOKMARK [1][-]{section.6.3}{\376\377\000Z\000o\000n\000a\000s\000\040\000p\000o\000r\000\040\000c\000\341\000m\000a\000r\000a}{chapter.6}% 42
\BOOKMARK [1][-]{section.6.4}{\376\377\000V\000i\000s\000u\000a\000l\000i\000z\000a\000c\000i\000\363\000n\000\040\000d\000e\000\040\000z\000o\000n\000a\000s\000\040\000e\000s\000t\000a\000b\000l\000e\000s\000\040\000p\000o\000r\000\040\000c\000\341\000m\000a\000r\000a}{chapter.6}% 43
\BOOKMARK [1][-]{section.6.5}{\376\377\000C\000o\000r\000r\000e\000c\000c\000i\000\363\000n\000\040\000C\000A\000M\000\137\0001\000:\000\040\000p\000r\000o\000b\000l\000e\000m\000a\000\040\000d\000e\000\040\000g\000a\000v\000i\000o\000t\000a\000s}{chapter.6}% 44
\BOOKMARK [2][-]{subsection.6.5.1}{\376\377\000C\000o\000o\000r\000d\000e\000n\000a\000d\000a\000s\000\040\000e\000n\000\040\000p\000\355\000x\000e\000l\000e\000s\000\040\000\050\000i\000m\000a\000g\000e\000n\000\040\0004\0006\0000\0008\0002\0006\0008\0002\000\051}{section.6.5}% 45
\BOOKMARK [1][-]{section.6.6}{\376\377\000C\000\363\000m\000o\000\040\000a\000j\000u\000s\000t\000a\000r\000\040\000u\000n\000a\000\040\000m\000\341\000s\000c\000a\000r\000a}{chapter.6}% 46
\BOOKMARK [0][-]{chapter.7}{\376\377\000I\000n\000t\000e\000r\000f\000a\000z\000\040\000W\000e\000b}{}% 47
\BOOKMARK [1][-]{section.7.1}{\376\377\000A\000r\000q\000u\000i\000t\000e\000c\000t\000u\000r\000a\000\040\000f\000r\000o\000n\000t\000e\000n\000d}{chapter.7}% 48
\BOOKMARK [1][-]{section.7.2}{\376\377\000C\000o\000m\000p\000o\000n\000e\000n\000t\000e\000\040\000B\000a\000t\000c\000h\000A\000l\000i\000g\000n\000m\000e\000n\000t\000.\000v\000u\000e}{chapter.7}% 49
\BOOKMARK [2][-]{subsection.7.2.1}{\376\377\000V\000a\000r\000i\000a\000b\000l\000e\000s\000\040\000d\000e\000\040\000e\000s\000t\000a\000d\000o}{section.7.2}% 50
\BOOKMARK [2][-]{subsection.7.2.2}{\376\377\000P\000r\000o\000p\000s\000\040\000y\000\040\000e\000v\000e\000n\000t\000o\000s}{section.7.2}% 51
\BOOKMARK [2][-]{subsection.7.2.3}{\376\377\000L\000a\000y\000o\000u\000t\000\040\000d\000e\000\040\000l\000a\000\040\000f\000a\000s\000e\000\040\000r\000e\000v\000i\000e\000w\000i\000n\000g}{section.7.2}% 52
\BOOKMARK [2][-]{subsection.7.2.4}{\376\377\000I\000n\000d\000i\000c\000a\000d\000o\000r\000e\000s\000\040\000d\000e\000l\000\040\000f\000i\000l\000m\000s\000t\000r\000i\000p}{section.7.2}% 53
\BOOKMARK [2][-]{subsection.7.2.5}{\376\377\000P\000o\000l\000l\000i\000n\000g\000\040\000d\000e\000\040\000p\000r\000o\000g\000r\000e\000s\000o}{section.7.2}% 54
\BOOKMARK [1][-]{section.7.3}{\376\377\000F\000l\000u\000j\000o\000\040\000c\000o\000m\000p\000l\000e\000t\000o\000\040\000d\000e\000\040\000u\000s\000o}{chapter.7}% 55
\BOOKMARK [0][-]{chapter.8}{\376\377\000R\000e\000g\000i\000\363\000n\000\040\000d\000e\000\040\000I\000n\000t\000e\000r\000\351\000s\000\040\000\050\000R\000O\000I\000\051}{}% 56
\BOOKMARK [1][-]{section.8.1}{\376\377\000C\000r\000i\000t\000e\000r\000i\000o\000s\000\040\000d\000e\000\040\000d\000e\000l\000i\000m\000i\000t\000a\000c\000i\000\363\000n}{chapter.8}% 57
\BOOKMARK [1][-]{section.8.2}{\376\377\000C\000o\000o\000r\000d\000e\000n\000a\000d\000a\000s\000\040\000p\000o\000r\000\040\000c\000\341\000m\000a\000r\000a}{chapter.8}% 58
\BOOKMARK [0][-]{chapter.9}{\376\377\000S\000e\000g\000m\000e\000n\000t\000a\000c\000i\000\363\000n\000\040\000y\000\040\000E\000x\000t\000r\000a\000c\000c\000i\000\363\000n\000\040\000d\000e\000\040\000L\000\355\000n\000e\000a\000\040\000d\000e\000\040\000C\000o\000s\000t\000a}{}% 59
\BOOKMARK [1][-]{section.9.1}{\376\377\000S\000e\000g\000m\000e\000n\000t\000a\000c\000i\000\363\000n\000\040\000s\000e\000m\000\341\000n\000t\000i\000c\000a\000\040\000c\000o\000n\000\040\000S\000A\000M}{chapter.9}% 60
\BOOKMARK [1][-]{section.9.2}{\376\377\000E\000x\000t\000r\000a\000c\000c\000i\000\363\000n\000\040\000d\000e\000\040\000l\000\355\000n\000e\000a\000\040\000d\000e\000\040\000c\000o\000s\000t\000a}{chapter.9}% 61
\BOOKMARK [1][-]{section.9.3}{\376\377\000P\000r\000o\000y\000e\000c\000c\000i\000\363\000n\000\040\000a\000\040\000E\000P\000S\000G\000:\0002\0005\0008\0003\0000}{chapter.9}% 62
\BOOKMARK [1][-]{section.9.4}{\376\377\000E\000x\000p\000o\000r\000t\000a\000c\000i\000\363\000n\000\040\000G\000e\000o\000J\000S\000O\000N}{chapter.9}% 63
\BOOKMARK [0][-]{chapter.10}{\376\377\000V\000a\000l\000i\000d\000a\000c\000i\000\363\000n\000\040\000y\000\040\000M\000\351\000t\000r\000i\000c\000a\000s\000\040\000d\000e\000\040\000C\000a\000l\000i\000d\000a\000d}{}% 64
\BOOKMARK [1][-]{section.10.1}{\376\377\000E\000s\000t\000r\000a\000t\000e\000g\000i\000a\000\040\000d\000e\000\040\000v\000a\000l\000i\000d\000a\000c\000i\000\363\000n}{chapter.10}% 65
\BOOKMARK [1][-]{section.10.2}{\376\377\000M\000\351\000t\000r\000i\000c\000a\000s}{chapter.10}% 66
\BOOKMARK [1][-]{section.10.3}{\376\377\000C\000r\000i\000t\000e\000r\000i\000o\000s\000\040\000d\000e\000\040\000a\000c\000e\000p\000t\000a\000c\000i\000\363\000n}{chapter.10}% 67
\BOOKMARK [1][-]{section.10.4}{\376\377\000F\000a\000c\000t\000o\000r\000e\000s\000\040\000d\000e\000\040\000e\000r\000r\000o\000r\000\040\000a\000\040\000m\000o\000n\000i\000t\000o\000r\000i\000z\000a\000r}{chapter.10}% 68
\BOOKMARK [1][-]{section.10.5}{\376\377\000V\000a\000l\000i\000d\000a\000c\000i\000\363\000n\000\040\000e\000n\000\040\000Q\000G\000I\000S}{chapter.10}% 69
\BOOKMARK [0][-]{chapter.11}{\376\377\000E\000s\000t\000a\000d\000o\000\040\000d\000e\000l\000\040\000P\000r\000o\000y\000e\000c\000t\000o\000\040\000y\000\040\000R\000o\000a\000d\000m\000a\000p}{}% 70
\BOOKMARK [1][-]{section.11.1}{\376\377\000E\000s\000t\000a\000d\000o\000\040\000a\000c\000t\000u\000a\000l\000\040\000\050\000j\000u\000n\000i\000o\000\040\0002\0000\0002\0006\000\051}{chapter.11}% 71
\BOOKMARK [1][-]{section.11.2}{\376\377\000C\000o\000m\000p\000l\000e\000t\000a\000d\000o\000\040\000e\000n\000\040\000l\000a\000\040\000i\000t\000e\000r\000a\000c\000i\000\363\000n\000\040\000d\000e\000\040\000j\000u\000n\000i\000o\000\040\0002\0000\0002\0006}{chapter.11}% 72
\BOOKMARK [1][-]{section.11.3}{\376\377\000F\000a\000s\000e\000\040\0003\000\040\040\024\000\040\000A\000u\000t\000o\000m\000a\000t\000i\000z\000a\000c\000i\000\363\000n\000\040\000y\000\040\000r\000o\000b\000u\000s\000t\000e\000z\000\040\000\050\000m\000e\000s\000\040\0005\000\051}{chapter.11}% 73
\BOOKMARK [1][-]{section.11.4}{\376\377\000F\000a\000s\000e\000\040\0004\000\040\040\024\000\040\000E\000n\000t\000r\000e\000g\000a\000\040\000e\000\040\000i\000n\000t\000e\000g\000r\000a\000c\000i\000\363\000n\000\040\000\050\000m\000e\000s\000\040\0006\000\051}{chapter.11}% 74
\BOOKMARK [0][-]{chapter.12}{\376\377\000G\000u\000\355\000a\000\040\000d\000e\000\040\000O\000p\000e\000r\000a\000c\000i\000\363\000n}{}% 75
\BOOKMARK [1][-]{section.12.1}{\376\377\000I\000n\000i\000c\000i\000o\000\040\000r\000\341\000p\000i\000d\000o}{chapter.12}% 76
\BOOKMARK [1][-]{section.12.2}{\376\377\000D\000e\000s\000c\000a\000r\000g\000a\000\040\000d\000e\000\040\000i\000m\000\341\000g\000e\000n\000e\000s}{chapter.12}% 77
\BOOKMARK [1][-]{section.12.3}{\376\377\000C\000a\000l\000i\000b\000r\000a\000c\000i\000\363\000n}{chapter.12}% 78
\BOOKMARK [1][-]{section.12.4}{\376\377\000A\000l\000i\000n\000e\000a\000c\000i\000\363\000n\000\040\000m\000a\000s\000i\000v\000a\000\040\000\050\000C\000L\000I\000\051}{chapter.12}% 79
\BOOKMARK [1][-]{section.12.5}{\376\377\000P\000i\000p\000e\000l\000i\000n\000e\000\040\000d\000e\000\040\000e\000x\000t\000r\000a\000c\000c\000i\000\363\000n}{chapter.12}% 80
\BOOKMARK [0][-]{chapter.13}{\376\377\000I\000n\000s\000t\000a\000l\000a\000c\000i\000\363\000n\000\040\000y\000\040\000C\000o\000n\000f\000i\000g\000u\000r\000a\000c\000i\000\363\000n}{}% 81
\BOOKMARK [1][-]{section.13.1}{\376\377\000R\000e\000q\000u\000i\000s\000i\000t\000o\000s\000\040\000d\000e\000l\000\040\000s\000i\000s\000t\000e\000m\000a}{chapter.13}% 82
\BOOKMARK [1][-]{section.13.2}{\376\377\000I\000n\000s\000t\000a\000l\000a\000c\000i\000\363\000n\000\040\000d\000e\000l\000\040\000e\000n\000t\000o\000r\000n\000o\000\040\000P\000y\000t\000h\000o\000n}{chapter.13}% 83
\BOOKMARK [1][-]{section.13.3}{\376\377\000I\000n\000s\000t\000a\000l\000a\000c\000i\000\363\000n\000\040\000d\000e\000l\000\040\000f\000r\000o\000n\000t\000e\000n\000d}{chapter.13}% 84
\BOOKMARK [1][-]{section.13.4}{\376\377\000C\000o\000n\000f\000i\000g\000u\000r\000a\000c\000i\000\363\000n\000\040\000d\000e\000\040\000l\000a\000\040\000A\000P\000I\000\040\000O\000b\000s\000c\000a\000p\000e}{chapter.13}% 85
\BOOKMARK [0][-]{appendix.Alph1}{\376\377\000C\000o\000n\000v\000e\000n\000c\000i\000o\000n\000e\000s\000\040\000d\000e\000\040\000c\000\363\000d\000i\000g\000o\000\040\000y\000\040\000G\000i\000t}{}% 86
\BOOKMARK [1][-]{section.Alph1.1}{\376\377\000E\000s\000t\000r\000a\000t\000e\000g\000i\000a\000\040\000d\000e\000\040\000r\000a\000m\000a\000s}{appendix.Alph1}% 87
\BOOKMARK [1][-]{section.Alph1.2}{\376\377\000N\000o\000m\000e\000n\000c\000l\000a\000t\000u\000r\000a\000\040\000d\000e\000\040\000f\000i\000c\000h\000e\000r\000o\000s}{appendix.Alph1}% 88
\BOOKMARK [1][-]{section.Alph1.3}{\376\377\000P\000r\000o\000y\000e\000c\000c\000i\000\363\000n\000\040\000o\000b\000l\000i\000g\000a\000t\000o\000r\000i\000a}{appendix.Alph1}% 89
\BOOKMARK [0][-]{appendix.Alph2}{\376\377\000G\000l\000o\000s\000a\000r\000i\000o}{}% 90
\BOOKMARK [0][-]{appendix.Alph3}{\376\377\000H\000i\000s\000t\000o\000r\000i\000a\000l\000\040\000d\000e\000\040\000c\000a\000m\000b\000i\000o\000s}{}% 91
